[     669ms] [WARNING] Manifest: property 'migrate_from' ignored, manifest must specify an 'id' property in order to receive a migration. @ https://www.youtube.com/manifest.webmanifest:0
[    2227ms] [INFO] LegacyDataMixin will be applied to all legacy elements.
Set `_legacyUndefinedCheck: true` on element class to enable. @ https://www.youtube.com/s/_/ytmainappweb/_/js/k=ytmainappweb.kevlar_base.en_US.TzSY5uMC8Qk.es5.O/am=AAAAIAAAEICU/d=1/br=1/rs=AGKMywEsQHdnkIiVSxopYk8vzykyuHvnhg/m=kevlar_base_module,kevlar_main_module,kevlar_base_sync_mod_chunk:13097
[    2723ms] [INFO] Banner not shown: beforeinstallpromptevent.preventDefault() called. The page must call beforeinstallpromptevent.prompt() to show the banner. @ https://www.youtube.com/watch?v=2Dt2DbjAKbo:0
[    4343ms] [WARNING] The powerPreference option is currently ignored when calling requestAdapter() on Windows. See https://crbug.com/369219127 @ :0
[    7597ms] [WARNING] The resource https://rr1---sn-0opoxu-j8wl.googlevideo.com/generate_204 was preloaded using link preload but not used within a few seconds from the window's load event. Please make sure it has an appropriate `as` value and it is preloaded intentionally. @ https://www.youtube.com/watch?v=2Dt2DbjAKbo:0
[    7597ms] [WARNING] The resource https://i.ytimg.com/generate_204 was preloaded using link preload but not used within a few seconds from the window's load event. Please make sure it has an appropriate `as` value and it is preloaded intentionally. @ https://www.youtube.com/watch?v=2Dt2DbjAKbo:0
[    7597ms] [WARNING] The resource https://rr5---sn-2o9gv5-5o.c.youtube.com/generate_204 was preloaded using link preload but not used within a few seconds from the window's load event. Please make sure it has an appropriate `as` value and it is preloaded intentionally. @ https://www.youtube.com/watch?v=2Dt2DbjAKbo:0
[   14581ms] [WARNING] The resource https://rr1---sn-0opoxu-j8wl.googlevideo.com/generate_204 was preloaded using link preload but not used within a few seconds from the window's load event. Please make sure it has an appropriate `as` value and it is preloaded intentionally. @ https://www.youtube.com/watch?v=2Dt2DbjAKbo:0
[   14581ms] [WARNING] The resource https://i.ytimg.com/generate_204 was preloaded using link preload but not used within a few seconds from the window's load event. Please make sure it has an appropriate `as` value and it is preloaded intentionally. @ https://www.youtube.com/watch?v=2Dt2DbjAKbo:0
[   14581ms] [WARNING] The resource https://rr5---sn-2o9gv5-5o.c.youtube.com/generate_204 was preloaded using link preload but not used within a few seconds from the window's load event. Please make sure it has an appropriate `as` value and it is preloaded intentionally. @ https://www.youtube.com/watch?v=2Dt2DbjAKbo:0
[   70996ms] [WARNING] The resource https://rr1---sn-0opoxu-j8wl.googlevideo.com/generate_204 was preloaded using link preload but not used within a few seconds from the window's load event. Please make sure it has an appropriate `as` value and it is preloaded intentionally. @ https://www.youtube.com/watch?v=2Dt2DbjAKbo:0
[   70996ms] [WARNING] The resource https://i.ytimg.com/generate_204 was preloaded using link preload but not used within a few seconds from the window's load event. Please make sure it has an appropriate `as` value and it is preloaded intentionally. @ https://www.youtube.com/watch?v=2Dt2DbjAKbo:0
[   70996ms] [WARNING] The resource https://rr5---sn-2o9gv5-5o.c.youtube.com/generate_204 was preloaded using link preload but not used within a few seconds from the window's load event. Please make sure it has an appropriate `as` value and it is preloaded intentionally. @ https://www.youtube.com/watch?v=2Dt2DbjAKbo:0
[   74621ms] [WARNING] The resource https://rr1---sn-0opoxu-j8wl.googlevideo.com/generate_204 was preloaded using link preload but not used within a few seconds from the window's load event. Please make sure it has an appropriate `as` value and it is preloaded intentionally. @ https://www.youtube.com/watch?v=2Dt2DbjAKbo:0
[   74622ms] [WARNING] The resource https://i.ytimg.com/generate_204 was preloaded using link preload but not used within a few seconds from the window's load event. Please make sure it has an appropriate `as` value and it is preloaded intentionally. @ https://www.youtube.com/watch?v=2Dt2DbjAKbo:0
[   74622ms] [WARNING] The resource https://rr5---sn-2o9gv5-5o.c.youtube.com/generate_204 was preloaded using link preload but not used within a few seconds from the window's load event. Please make sure it has an appropriate `as` value and it is preloaded intentionally. @ https://www.youtube.com/watch?v=2Dt2DbjAKbo:0
[  244595ms] [WARNING] The resource https://rr1---sn-0opoxu-j8wl.googlevideo.com/generate_204 was preloaded using link preload but not used within a few seconds from the window's load event. Please make sure it has an appropriate `as` value and it is preloaded intentionally. @ https://www.youtube.com/watch?v=2Dt2DbjAKbo:0
[  244595ms] [WARNING] The resource https://i.ytimg.com/generate_204 was preloaded using link preload but not used within a few seconds from the window's load event. Please make sure it has an appropriate `as` value and it is preloaded intentionally. @ https://www.youtube.com/watch?v=2Dt2DbjAKbo:0
[  244595ms] [WARNING] The resource https://rr5---sn-2o9gv5-5o.c.youtube.com/generate_204 was preloaded using link preload but not used within a few seconds from the window's load event. Please make sure it has an appropriate `as` value and it is preloaded intentionally. @ https://www.youtube.com/watch?v=2Dt2DbjAKbo:0
[  307746ms] [WARNING] The resource https://rr1---sn-0opoxu-j8wl.googlevideo.com/generate_204 was preloaded using link preload but not used within a few seconds from the window's load event. Please make sure it has an appropriate `as` value and it is preloaded intentionally. @ https://www.youtube.com/watch?v=2Dt2DbjAKbo:0
[  307746ms] [WARNING] The resource https://i.ytimg.com/generate_204 was preloaded using link preload but not used within a few seconds from the window's load event. Please make sure it has an appropriate `as` value and it is preloaded intentionally. @ https://www.youtube.com/watch?v=2Dt2DbjAKbo:0
[  307746ms] [WARNING] The resource https://rr5---sn-2o9gv5-5o.c.youtube.com/generate_204 was preloaded using link preload but not used within a few seconds from the window's load event. Please make sure it has an appropriate `as` value and it is preloaded intentionally. @ https://www.youtube.com/watch?v=2Dt2DbjAKbo:0
[  344596ms] [WARNING] The resource https://rr1---sn-0opoxu-j8wl.googlevideo.com/generate_204 was preloaded using link preload but not used within a few seconds from the window's load event. Please make sure it has an appropriate `as` value and it is preloaded intentionally. @ https://www.youtube.com/watch?v=2Dt2DbjAKbo:0
[  344596ms] [WARNING] The resource https://i.ytimg.com/generate_204 was preloaded using link preload but not used within a few seconds from the window's load event. Please make sure it has an appropriate `as` value and it is preloaded intentionally. @ https://www.youtube.com/watch?v=2Dt2DbjAKbo:0
[  344596ms] [WARNING] The resource https://rr5---sn-2o9gv5-5o.c.youtube.com/generate_204 was preloaded using link preload but not used within a few seconds from the window's load event. Please make sure it has an appropriate `as` value and it is preloaded intentionally. @ https://www.youtube.com/watch?v=2Dt2DbjAKbo:0
[  414596ms] [WARNING] The resource https://rr1---sn-0opoxu-j8wl.googlevideo.com/generate_204 was preloaded using link preload but not used within a few seconds from the window's load event. Please make sure it has an appropriate `as` value and it is preloaded intentionally. @ https://www.youtube.com/watch?v=2Dt2DbjAKbo:0
[  414596ms] [WARNING] The resource https://i.ytimg.com/generate_204 was preloaded using link preload but not used within a few seconds from the window's load event. Please make sure it has an appropriate `as` value and it is preloaded intentionally. @ https://www.youtube.com/watch?v=2Dt2DbjAKbo:0
[  414596ms] [WARNING] The resource https://rr5---sn-2o9gv5-5o.c.youtube.com/generate_204 was preloaded using link preload but not used within a few seconds from the window's load event. Please make sure it has an appropriate `as` value and it is preloaded intentionally. @ https://www.youtube.com/watch?v=2Dt2DbjAKbo:0
[  637596ms] [WARNING] The resource https://rr1---sn-0opoxu-j8wl.googlevideo.com/generate_204 was preloaded using link preload but not used within a few seconds from the window's load event. Please make sure it has an appropriate `as` value and it is preloaded intentionally. @ https://www.youtube.com/watch?v=2Dt2DbjAKbo:0
[  637596ms] [WARNING] The resource https://i.ytimg.com/generate_204 was preloaded using link preload but not used within a few seconds from the window's load event. Please make sure it has an appropriate `as` value and it is preloaded intentionally. @ https://www.youtube.com/watch?v=2Dt2DbjAKbo:0
[  637596ms] [WARNING] The resource https://rr5---sn-2o9gv5-5o.c.youtube.com/generate_204 was preloaded using link preload but not used within a few seconds from the window's load event. Please make sure it has an appropriate `as` value and it is preloaded intentionally. @ https://www.youtube.com/watch?v=2Dt2DbjAKbo:0
