[     184ms] [ERROR] Ignoring duplicate Content-Security-Policy directive 'font-src'. @ https://www.nhsinform.scot/illnesses-and-conditions/muscle-bone-and-joints/leg-and-foot-problems-and-conditions/exercises-for-ankle-pain/:0
[     184ms] [ERROR] The Content Security Policy directive 'upgrade-insecure-requests' is ignored when delivered in a report-only policy. @ https://www.nhsinform.scot/illnesses-and-conditions/muscle-bone-and-joints/leg-and-foot-problems-and-conditions/exercises-for-ankle-pain/:0
[     194ms] [INFO] Loading the stylesheet 'https://appnhs24wp41a8c38064.blob.core.windows.net/blobappnhs24wp41a8c38064/wp-content/themes/nhsinform/assets/css/global.css' violates the following Content Security Policy directive: "style-src-elem 'self' 'unsafe-inline' https://api.reciteme.com". The policy is report-only, so the violation has been logged but no further action has been taken. @ https://www.nhsinform.scot/illnesses-and-conditions/muscle-bone-and-joints/leg-and-foot-problems-and-conditions/exercises-for-ankle-pain/:7
[     201ms] [INFO] Loading the stylesheet 'https://appnhs24wp41a8c38064.blob.core.windows.net/blobappnhs24wp41a8c38064/wp-content/plugins/advanced-admin-search/css/style.css?ver=4580b0baf479217747921a647edc4c30' violates the following Content Security Policy directive: "style-src-elem 'self' 'unsafe-inline' https://api.reciteme.com". The policy is report-only, so the violation has been logged but no further action has been taken. @ https://www.nhsinform.scot/illnesses-and-conditions/muscle-bone-and-joints/leg-and-foot-problems-and-conditions/exercises-for-ankle-pain/:83
[     201ms] [INFO] Loading the stylesheet 'https://appnhs24wp41a8c38064.blob.core.windows.net/blobappnhs24wp41a8c38064/wp-content/plugins/menu-image/includes/css/menu-image.css?ver=3.13' violates the following Content Security Policy directive: "style-src-elem 'self' 'unsafe-inline' https://api.reciteme.com". The policy is report-only, so the violation has been logged but no further action has been taken. @ https://www.nhsinform.scot/illnesses-and-conditions/muscle-bone-and-joints/leg-and-foot-problems-and-conditions/exercises-for-ankle-pain/:84
[     201ms] [INFO] Loading the stylesheet 'https://appnhs24wp41a8c38064.blob.core.windows.net/blobappnhs24wp41a8c38064/wp-content/plugins/ultimate-addons-for-gutenberg/assets/css/spectra-block-positioning.min.css?ver=2.20.3' violates the following Content Security Policy directive: "style-src-elem 'self' 'unsafe-inline' https://api.reciteme.com". The policy is report-only, so the violation has been logged but no further action has been taken. @ https://www.nhsinform.scot/illnesses-and-conditions/muscle-bone-and-joints/leg-and-foot-problems-and-conditions/exercises-for-ankle-pain/:86
[     201ms] [INFO] Loading the stylesheet 'https://appnhs24wp41a8c38064.blob.core.windows.net/blobappnhs24wp41a8c38064/wp-content/uploads/uag-plugin/assets/27000/uag-css-26942.css?ver=1790961441' violates the following Content Security Policy directive: "style-src-elem 'self' 'unsafe-inline' https://api.reciteme.com". The policy is report-only, so the violation has been logged but no further action has been taken. @ https://www.nhsinform.scot/illnesses-and-conditions/muscle-bone-and-joints/leg-and-foot-problems-and-conditions/exercises-for-ankle-pain/:87
[     201ms] [INFO] Loading the stylesheet 'https://appnhs24wp41a8c38064.blob.core.windows.net/blobappnhs24wp41a8c38064/wp-content/themes/nhsinform/style.css?ver=1.1.2' violates the following Content Security Policy directive: "style-src-elem 'self' 'unsafe-inline' https://api.reciteme.com". The policy is report-only, so the violation has been logged but no further action has been taken. @ https://www.nhsinform.scot/illnesses-and-conditions/muscle-bone-and-joints/leg-and-foot-problems-and-conditions/exercises-for-ankle-pain/:88
[     201ms] [INFO] Loading the stylesheet 'https://cdnjs.cloudflare.com/ajax/libs/font-awesome/6.2.1/css/all.min.css?ver=1.1.2' violates the following Content Security Policy directive: "style-src-elem 'self' 'unsafe-inline' https://api.reciteme.com". The policy is report-only, so the violation has been logged but no further action has been taken. @ https://www.nhsinform.scot/illnesses-and-conditions/muscle-bone-and-joints/leg-and-foot-problems-and-conditions/exercises-for-ankle-pain/:89
[     201ms] [INFO] Loading the stylesheet 'https://appnhs24wp41a8c38064.blob.core.windows.net/blobappnhs24wp41a8c38064/wp-content/themes/nhsinform/assets/css/bootstrap.min.css?ver=1.1.2' violates the following Content Security Policy directive: "style-src-elem 'self' 'unsafe-inline' https://api.reciteme.com". The policy is report-only, so the violation has been logged but no further action has been taken. @ https://www.nhsinform.scot/illnesses-and-conditions/muscle-bone-and-joints/leg-and-foot-problems-and-conditions/exercises-for-ankle-pain/:90
[     201ms] [INFO] Loading the stylesheet 'https://appnhs24wp41a8c38064.blob.core.windows.net/blobappnhs24wp41a8c38064/wp-content/themes/nhsinform/assets/css/custom.css?ver=1.1.2' violates the following Content Security Policy directive: "style-src-elem 'self' 'unsafe-inline' https://api.reciteme.com". The policy is report-only, so the violation has been logged but no further action has been taken. @ https://www.nhsinform.scot/illnesses-and-conditions/muscle-bone-and-joints/leg-and-foot-problems-and-conditions/exercises-for-ankle-pain/:91
[     202ms] [INFO] Loading the stylesheet 'https://appnhs24wp41a8c38064.blob.core.windows.net/blobappnhs24wp41a8c38064/wp-content/themes/nhsinform/assets/css/ssds.css?ver=1.1.2' violates the following Content Security Policy directive: "style-src-elem 'self' 'unsafe-inline' https://api.reciteme.com". The policy is report-only, so the violation has been logged but no further action has been taken. @ https://www.nhsinform.scot/illnesses-and-conditions/muscle-bone-and-joints/leg-and-foot-problems-and-conditions/exercises-for-ankle-pain/:92
[     202ms] [INFO] Loading the stylesheet 'https://appnhs24wp41a8c38064.blob.core.windows.net/blobappnhs24wp41a8c38064/wp-content/themes/nhsinform/assets/css/layoutTemp.css?ver=1.1.2' violates the following Content Security Policy directive: "style-src-elem 'self' 'unsafe-inline' https://api.reciteme.com". The policy is report-only, so the violation has been logged but no further action has been taken. @ https://www.nhsinform.scot/illnesses-and-conditions/muscle-bone-and-joints/leg-and-foot-problems-and-conditions/exercises-for-ankle-pain/:93
[    1525ms] [INFO] Loading the script 'https://appnhs24wp41a8c38064.blob.core.windows.net/blobappnhs24wp41a8c38064/wp-content/plugins/advanced-admin-search/js/jquery-admin-desktop-search.js?ver=4580b0baf479217747921a647edc4c30' violates the following Content Security Policy directive: "script-src-elem 'self' 'unsafe-inline' https://api.reciteme.com". The policy is report-only, so the violation has been logged but no further action has been taken. @ https://www.nhsinform.scot/illnesses-and-conditions/muscle-bone-and-joints/leg-and-foot-problems-and-conditions/exercises-for-ankle-pain/:0
[    1527ms] [INFO] Loading the script 'https://appnhs24wp41a8c38064.blob.core.windows.net/blobappnhs24wp41a8c38064/wp-content/plugins/advanced-admin-search/js/jquery-admin-mobile-search.js?ver=4580b0baf479217747921a647edc4c30' violates the following Content Security Policy directive: "script-src-elem 'self' 'unsafe-inline' https://api.reciteme.com". The policy is report-only, so the violation has been logged but no further action has been taken. @ https://www.nhsinform.scot/illnesses-and-conditions/muscle-bone-and-joints/leg-and-foot-problems-and-conditions/exercises-for-ankle-pain/:0
[    1528ms] [INFO] Loading the script 'https://appnhs24wp41a8c38064.blob.core.windows.net/blobappnhs24wp41a8c38064/wp-content/plugins/advanced-admin-search/js/jquery-admin-page-search.js?ver=4580b0baf479217747921a647edc4c30' violates the following Content Security Policy directive: "script-src-elem 'self' 'unsafe-inline' https://api.reciteme.com". The policy is report-only, so the violation has been logged but no further action has been taken. @ https://www.nhsinform.scot/illnesses-and-conditions/muscle-bone-and-joints/leg-and-foot-problems-and-conditions/exercises-for-ankle-pain/:0
[    1534ms] Uncaught ReferenceError: jQuery is not defined
    at <anonymous> (https://appnhs24wp41a8c38064.blob.core.windows.net/blobappnhs24wp41a8c38064/wp-content/plugins/advanced-admin-search/js/jquery-admin-page-search.js?ver=4580b0baf479217747921a647edc4c30:3:0)
[    1530ms] [INFO] Loading the script 'https://appnhs24wp41a8c38064.blob.core.windows.net/blobappnhs24wp41a8c38064/wp-content/plugins/stop-user-enumeration/frontend/js/frontend.js?ver=1.7.8' violates the following Content Security Policy directive: "script-src-elem 'self' 'unsafe-inline' https://api.reciteme.com". The policy is report-only, so the violation has been logged but no further action has been taken. @ https://www.nhsinform.scot/illnesses-and-conditions/muscle-bone-and-joints/leg-and-foot-problems-and-conditions/exercises-for-ankle-pain/:0
[    1531ms] [INFO] Loading the script 'https://appnhs24wp41a8c38064.blob.core.windows.net/blobappnhs24wp41a8c38064/wp-content/plugins/jquery-updater/js/jquery-4.0.0.min.js?ver=4.0.0' violates the following Content Security Policy directive: "script-src-elem 'self' 'unsafe-inline' https://api.reciteme.com". The policy is report-only, so the violation has been logged but no further action has been taken. @ https://www.nhsinform.scot/illnesses-and-conditions/muscle-bone-and-joints/leg-and-foot-problems-and-conditions/exercises-for-ankle-pain/:0
[    1561ms] [INFO] Loading the script 'https://appnhs24wp41a8c38064.blob.core.windows.net/blobappnhs24wp41a8c38064/wp-content/plugins/jquery-updater/js/jquery-migrate-3.6.0.min.js?ver=3.6.0' violates the following Content Security Policy directive: "script-src-elem 'self' 'unsafe-inline' https://api.reciteme.com". The policy is report-only, so the violation has been logged but no further action has been taken. @ https://www.nhsinform.scot/illnesses-and-conditions/muscle-bone-and-joints/leg-and-foot-problems-and-conditions/exercises-for-ankle-pain/:0
[    1564ms] [LOG] JQMIGRATE: jQuery 3.x REQUIRED @ https://appnhs24wp41a8c38064.blob.core.windows.net/blobappnhs24wp41a8c38064/wp-content/plugins/jquery-updater/js/jquery-migrate-3.6.0.min.js?ver=3.6.0:1
[    1564ms] [LOG] JQMIGRATE: Migrate is installed, version 3.6.0 @ https://appnhs24wp41a8c38064.blob.core.windows.net/blobappnhs24wp41a8c38064/wp-content/plugins/jquery-updater/js/jquery-migrate-3.6.0.min.js?ver=3.6.0:1
[    1566ms] [INFO] Loading the script 'https://maps.googleapis.com/maps/api/js?key=AIzaSyBcxJ4JU_Ie4ePFv3yMAcBWSeRgS2xgpg0' violates the following Content Security Policy directive: "script-src-elem 'self' 'unsafe-inline' https://api.reciteme.com". The policy is report-only, so the violation has been logged but no further action has been taken. @ https://www.nhsinform.scot/illnesses-and-conditions/muscle-bone-and-joints/leg-and-foot-problems-and-conditions/exercises-for-ankle-pain/:0
[    1614ms] [WARNING] Google Maps JavaScript API has been loaded directly without loading=async. This can result in suboptimal performance. For best-practice loading patterns please see https://goo.gle/js-api-loading @ https://maps.googleapis.com/maps/api/js?key=AIzaSyBcxJ4JU_Ie4ePFv3yMAcBWSeRgS2xgpg0:330
[    1628ms] [INFO] Loading the script 'https://cdnjs.cloudflare.com/ajax/libs/jquery-autocomplete/1.0.7/jquery.auto-complete.min.js' violates the following Content Security Policy directive: "script-src-elem 'self' 'unsafe-inline' https://api.reciteme.com". The policy is report-only, so the violation has been logged but no further action has been taken. @ https://www.nhsinform.scot/illnesses-and-conditions/muscle-bone-and-joints/leg-and-foot-problems-and-conditions/exercises-for-ankle-pain/:0
[    1670ms] [INFO] Loading the script 'https://cdnjs.cloudflare.com/ajax/libs/jquery-autocomplete/1.0.7/jquery.auto-complete.min.js' violates the following Content Security Policy directive: "script-src-elem 'self' 'unsafe-inline' https://api.reciteme.com". The policy is report-only, so the violation has been logged but no further action has been taken. @ https://www.nhsinform.scot/illnesses-and-conditions/muscle-bone-and-joints/leg-and-foot-problems-and-conditions/exercises-for-ankle-pain/:0
[    1675ms] [ERROR] Ignoring duplicate Content-Security-Policy directive 'font-src'. @ about:blank:0
[    1675ms] [ERROR] The Content Security Policy directive 'upgrade-insecure-requests' is ignored when delivered in a report-only policy. @ about:blank:0
[    1677ms] [ERROR] Ignoring duplicate Content-Security-Policy directive 'font-src'. @ about:blank:0
[    1677ms] [ERROR] The Content Security Policy directive 'upgrade-insecure-requests' is ignored when delivered in a report-only policy. @ about:blank:0
[    1678ms] [ERROR] Ignoring duplicate Content-Security-Policy directive 'font-src'. @ about:blank:0
[    1678ms] [ERROR] The Content Security Policy directive 'upgrade-insecure-requests' is ignored when delivered in a report-only policy. @ about:blank:0
[    1680ms] [ERROR] Ignoring duplicate Content-Security-Policy directive 'font-src'. @ about:blank:0
[    1680ms] [ERROR] The Content Security Policy directive 'upgrade-insecure-requests' is ignored when delivered in a report-only policy. @ about:blank:0
[    1705ms] [ERROR] Ignoring duplicate Content-Security-Policy directive 'font-src'. @ about:blank:0
[    1705ms] [ERROR] The Content Security Policy directive 'upgrade-insecure-requests' is ignored when delivered in a report-only policy. @ about:blank:0
[    1707ms] [ERROR] Ignoring duplicate Content-Security-Policy directive 'font-src'. @ about:blank:0
[    1707ms] [ERROR] The Content Security Policy directive 'upgrade-insecure-requests' is ignored when delivered in a report-only policy. @ about:blank:0
[    1744ms] [INFO] Loading the script 'https://appnhs24wp41a8c38064.blob.core.windows.net/blobappnhs24wp41a8c38064/wp-content/plugins/betterdocs/assets/build/blocks/categorygrid/frontend.js?ver=a4a7e7ed1fd9a2aaf85a' violates the following Content Security Policy directive: "script-src-elem 'self' 'unsafe-inline' https://api.reciteme.com". The policy is report-only, so the violation has been logged but no further action has been taken. @ https://www.nhsinform.scot/illnesses-and-conditions/muscle-bone-and-joints/leg-and-foot-problems-and-conditions/exercises-for-ankle-pain/:0
[    1780ms] [INFO] Loading the script 'https://appnhs24wp41a8c38064.blob.core.windows.net/blobappnhs24wp41a8c38064/wp-content/plugins/nhs-web-chat/public/js/index.js?ver=1790966667' violates the following Content Security Policy directive: "script-src-elem 'self' 'unsafe-inline' https://api.reciteme.com". The policy is report-only, so the violation has been logged but no further action has been taken. @ https://www.nhsinform.scot/illnesses-and-conditions/muscle-bone-and-joints/leg-and-foot-problems-and-conditions/exercises-for-ankle-pain/:0
[    1791ms] [LOG] [NHS24 Web Chat] Initialized with: {agentUrl: https://appnhs24wp41a8c38064.blob.core.windows.net…-web-chat/public/js/agents/prd/nhs/index.js?v=1.3, agentIndex: 0, checkerURL: https://www.nhsinform.scot/wp-json/nhs24-webchat/v1/check-availability/0} @ https://appnhs24wp41a8c38064.blob.core.windows.net/blobappnhs24wp41a8c38064/wp-content/plugins/nhs-web-chat/public/js/index.js?ver=1790966667:89
[    1792ms] [INFO] Loading the script 'https://cc.cdn.civiccomputing.com/9/cookieControl-9.x.min.js?ver=4580b0baf479217747921a647edc4c30' violates the following Content Security Policy directive: "script-src-elem 'self' 'unsafe-inline' https://api.reciteme.com". The policy is report-only, so the violation has been logged but no further action has been taken. @ https://www.nhsinform.scot/illnesses-and-conditions/muscle-bone-and-joints/leg-and-foot-problems-and-conditions/exercises-for-ankle-pain/:0
[    2062ms] [INFO] Loading the script 'https://appnhs24wp41a8c38064.blob.core.windows.net/blobappnhs24wp41a8c38064/wp-content/plugins/ultimate-addons-for-gutenberg/assets/js/spectra-block-positioning.min.js?ver=2.20.3' violates the following Content Security Policy directive: "script-src-elem 'self' 'unsafe-inline' https://api.reciteme.com". The policy is report-only, so the violation has been logged but no further action has been taken. @ https://www.nhsinform.scot/illnesses-and-conditions/muscle-bone-and-joints/leg-and-foot-problems-and-conditions/exercises-for-ankle-pain/:0
[    2062ms] [INFO] Loading the script 'https://cdnjs.cloudflare.com/ajax/libs/knockout/3.5.0/knockout-min.js?ver=3.5.0' violates the following Content Security Policy directive: "script-src-elem 'self' 'unsafe-inline' https://api.reciteme.com". The policy is report-only, so the violation has been logged but no further action has been taken. @ https://www.nhsinform.scot/illnesses-and-conditions/muscle-bone-and-joints/leg-and-foot-problems-and-conditions/exercises-for-ankle-pain/:0
[    2065ms] [INFO] Loading the script 'https://cdnjs.cloudflare.com/ajax/libs/bootstrap/4.5.3/js/bootstrap.min.js?ver=4.5.3' violates the following Content Security Policy directive: "script-src-elem 'self' 'unsafe-inline' https://api.reciteme.com". The policy is report-only, so the violation has been logged but no further action has been taken. @ https://www.nhsinform.scot/illnesses-and-conditions/muscle-bone-and-joints/leg-and-foot-problems-and-conditions/exercises-for-ankle-pain/:0
[    2067ms] Uncaught Error: Bootstrap's JavaScript requires at least jQuery v1.9.1 but less than v4.0.0
    at jQueryDetection (https://cdnjs.cloudflare.com/ajax/libs/bootstrap/4.5.3/js/bootstrap.min.js?ver=4.5.3:5:2755)
    at <anonymous> (https://cdnjs.cloudflare.com/ajax/libs/bootstrap/4.5.3/js/bootstrap.min.js?ver=4.5.3:5:2848)
    at <anonymous> (https://cdnjs.cloudflare.com/ajax/libs/bootstrap/4.5.3/js/bootstrap.min.js?ver=4.5.3:5:199)
    at <anonymous> (https://cdnjs.cloudflare.com/ajax/libs/bootstrap/4.5.3/js/bootstrap.min.js?ver=4.5.3:5:287)
[    2067ms] [INFO] Loading the script 'https://nhs24-shgapi-live.azurewebsites.net/scripts/niceselect.min.js' violates the following Content Security Policy directive: "script-src-elem 'self' 'unsafe-inline' https://api.reciteme.com". The policy is report-only, so the violation has been logged but no further action has been taken. @ https://www.nhsinform.scot/illnesses-and-conditions/muscle-bone-and-joints/leg-and-foot-problems-and-conditions/exercises-for-ankle-pain/:0
[    2432ms] [INFO] Loading the script 'https://appnhs24wp41a8c38064.blob.core.windows.net/blobappnhs24wp41a8c38064/wp-content/themes/nhsinform/assets/js/bootstrap.bundle.min.js?ver=1.1.2' violates the following Content Security Policy directive: "script-src-elem 'self' 'unsafe-inline' https://api.reciteme.com". The policy is report-only, so the violation has been logged but no further action has been taken. @ https://www.nhsinform.scot/illnesses-and-conditions/muscle-bone-and-joints/leg-and-foot-problems-and-conditions/exercises-for-ankle-pain/:0
[    2434ms] [INFO] Loading the script 'https://appnhs24wp41a8c38064.blob.core.windows.net/blobappnhs24wp41a8c38064/wp-content/themes/nhsinform/js/custom-js.js?ver=1.1.2' violates the following Content Security Policy directive: "script-src-elem 'self' 'unsafe-inline' https://api.reciteme.com". The policy is report-only, so the violation has been logged but no further action has been taken. @ https://www.nhsinform.scot/illnesses-and-conditions/muscle-bone-and-joints/leg-and-foot-problems-and-conditions/exercises-for-ankle-pain/:0
[    2437ms] [INFO] Loading the script 'https://appnhs24wp41a8c38064.blob.core.windows.net/blobappnhs24wp41a8c38064/wp-content/themes/nhsinform/js/selfHelpGuide.js?ver=1.1.2' violates the following Content Security Policy directive: "script-src-elem 'self' 'unsafe-inline' https://api.reciteme.com". The policy is report-only, so the violation has been logged but no further action has been taken. @ https://www.nhsinform.scot/illnesses-and-conditions/muscle-bone-and-joints/leg-and-foot-problems-and-conditions/exercises-for-ankle-pain/:0
[    2438ms] [INFO] Loading the script 'https://appnhs24wp41a8c38064.blob.core.windows.net/blobappnhs24wp41a8c38064/wp-content/themes/nhsinform/js/geolocation.js?ver=1790862789' violates the following Content Security Policy directive: "script-src-elem 'self' 'unsafe-inline' https://api.reciteme.com". The policy is report-only, so the violation has been logged but no further action has been taken. @ https://www.nhsinform.scot/illnesses-and-conditions/muscle-bone-and-joints/leg-and-foot-problems-and-conditions/exercises-for-ankle-pain/:0
[    2439ms] [INFO] Loading the script 'https://maps.googleapis.com/maps/api/js?callback=$_GoogleMapsAPILoaded_$&key=AIzaSyBcxJ4JU_Ie4ePFv3yMAcBWSeRgS2xgpg0' violates the following Content Security Policy directive: "script-src-elem 'self' 'unsafe-inline' https://api.reciteme.com". The policy is report-only, so the violation has been logged but no further action has been taken. @ https://appnhs24wp41a8c38064.blob.core.windows.net/blobappnhs24wp41a8c38064/wp-content/themes/nhsinform/js/geolocation.js?ver=1790862789:9
[    2440ms] [INFO] Loading the script 'https://appnhs24wp41a8c38064.blob.core.windows.net/blobappnhs24wp41a8c38064/wp-content/themes/nhsinform/js/jquery.cookie.min.js?ver=1.4.1' violates the following Content Security Policy directive: "script-src-elem 'self' 'unsafe-inline' https://api.reciteme.com". The policy is report-only, so the violation has been logged but no further action has been taken. @ https://www.nhsinform.scot/illnesses-and-conditions/muscle-bone-and-joints/leg-and-foot-problems-and-conditions/exercises-for-ankle-pain/:0
[    2440ms] [INFO] Loading the script 'https://appnhs24wp41a8c38064.blob.core.windows.net/blobappnhs24wp41a8c38064/wp-content/plugins/plethora-tabs-accordions/js/tabs.jquery-plugin.js?ver=1.1.3' violates the following Content Security Policy directive: "script-src-elem 'self' 'unsafe-inline' https://api.reciteme.com". The policy is report-only, so the violation has been logged but no further action has been taken. @ https://www.nhsinform.scot/illnesses-and-conditions/muscle-bone-and-joints/leg-and-foot-problems-and-conditions/exercises-for-ankle-pain/:0
[    2441ms] [INFO] Loading the script 'https://appnhs24wp41a8c38064.blob.core.windows.net/blobappnhs24wp41a8c38064/wp-content/plugins/plethora-tabs-accordions/js/accordion.jquery-plugin.js?ver=1.1.3' violates the following Content Security Policy directive: "script-src-elem 'self' 'unsafe-inline' https://api.reciteme.com". The policy is report-only, so the violation has been logged but no further action has been taken. @ https://www.nhsinform.scot/illnesses-and-conditions/muscle-bone-and-joints/leg-and-foot-problems-and-conditions/exercises-for-ankle-pain/:0
[    2454ms] [INFO] Loading the script 'https://appnhs24wp41a8c38064.blob.core.windows.net/blobappnhs24wp41a8c38064/wp-content/themes/nhsinform/assets/js/global.js' violates the following Content Security Policy directive: "script-src-elem 'self' 'unsafe-inline' https://api.reciteme.com". The policy is report-only, so the violation has been logged but no further action has been taken. @ https://www.nhsinform.scot/illnesses-and-conditions/muscle-bone-and-joints/leg-and-foot-problems-and-conditions/exercises-for-ankle-pain/:0
[    2462ms] [LOG] [NHS24 Web Chat] Checking agent availability: https://www.nhsinform.scot/wp-json/nhs24-webchat/v1/check-availability/0 @ https://appnhs24wp41a8c38064.blob.core.windows.net/blobappnhs24wp41a8c38064/wp-content/plugins/nhs-web-chat/public/js/index.js?ver=1790966667:42
[    2552ms] [LOG] testing @ https://appnhs24wp41a8c38064.blob.core.windows.net/blobappnhs24wp41a8c38064/wp-content/themes/nhsinform/js/custom-js.js?ver=1.1.2:80
[    2792ms] [WARNING] Element with name "gmp-internal-loading-text" already defined. @ https://maps.googleapis.com/maps/api/js?callback=$_GoogleMapsAPILoaded_$&key=AIzaSyBcxJ4JU_Ie4ePFv3yMAcBWSeRgS2xgpg0:234
[    2793ms] [WARNING] Element with name "gmp-internal-request-error-text" already defined. @ https://maps.googleapis.com/maps/api/js?callback=$_GoogleMapsAPILoaded_$&key=AIzaSyBcxJ4JU_Ie4ePFv3yMAcBWSeRgS2xgpg0:234
[    2795ms] [WARNING] Element with name "gmp-internal-back-button" already defined. @ https://maps.googleapis.com/maps/api/js?callback=$_GoogleMapsAPILoaded_$&key=AIzaSyBcxJ4JU_Ie4ePFv3yMAcBWSeRgS2xgpg0:234
[    2796ms] [WARNING] Element with name "gmp-internal-dialog" already defined. @ https://maps.googleapis.com/maps/api/js?callback=$_GoogleMapsAPILoaded_$&key=AIzaSyBcxJ4JU_Ie4ePFv3yMAcBWSeRgS2xgpg0:234
[    2796ms] [WARNING] Element with name "gmp-internal-disclosure" already defined. @ https://maps.googleapis.com/maps/api/js?callback=$_GoogleMapsAPILoaded_$&key=AIzaSyBcxJ4JU_Ie4ePFv3yMAcBWSeRgS2xgpg0:234
[    2797ms] [WARNING] Element with name "gmp-internal-disclosure-section" already defined. @ https://maps.googleapis.com/maps/api/js?callback=$_GoogleMapsAPILoaded_$&key=AIzaSyBcxJ4JU_Ie4ePFv3yMAcBWSeRgS2xgpg0:234
[    2797ms] [WARNING] Element with name "gmp-internal-attribution" already defined. @ https://maps.googleapis.com/maps/api/js?callback=$_GoogleMapsAPILoaded_$&key=AIzaSyBcxJ4JU_Ie4ePFv3yMAcBWSeRgS2xgpg0:234
[    2799ms] [WARNING] Element with name "gmp-internal-element-support-verification" already defined. @ https://maps.googleapis.com/maps/api/js?callback=$_GoogleMapsAPILoaded_$&key=AIzaSyBcxJ4JU_Ie4ePFv3yMAcBWSeRgS2xgpg0:234
[    2799ms] [ERROR] You have included the Google Maps JavaScript API multiple times on this page. This may cause unexpected errors. @ https://maps.googleapis.com/maps/api/js?callback=$_GoogleMapsAPILoaded_$&key=AIzaSyBcxJ4JU_Ie4ePFv3yMAcBWSeRgS2xgpg0:338
[    2802ms] [WARNING] Google Maps JavaScript API has been loaded directly without loading=async. This can result in suboptimal performance. For best-practice loading patterns please see https://goo.gle/js-api-loading @ https://maps.googleapis.com/maps/api/js?callback=$_GoogleMapsAPILoaded_$&key=AIzaSyBcxJ4JU_Ie4ePFv3yMAcBWSeRgS2xgpg0:330
[    2807ms] [WARNING] Element with name "gmp-map" already defined. @ https://maps.googleapis.com/maps/api/js?callback=$_GoogleMapsAPILoaded_$&key=AIzaSyBcxJ4JU_Ie4ePFv3yMAcBWSeRgS2xgpg0:234
[    3592ms] [LOG] [NHS24 Web Chat] Availability response: {available: false} @ https://appnhs24wp41a8c38064.blob.core.windows.net/blobappnhs24wp41a8c38064/wp-content/plugins/nhs-web-chat/public/js/index.js?ver=1790966667:61
[    3592ms] [LOG] [NHS24 Web Chat] Agent is currently unavailable: undefined @ https://appnhs24wp41a8c38064.blob.core.windows.net/blobappnhs24wp41a8c38064/wp-content/plugins/nhs-web-chat/public/js/index.js?ver=1790966667:71
[    3745ms] [ERROR] Permissions policy violation: compute-pressure is not allowed in this document. @ https://www.youtube.com/s/player/8ab5c328/player_embed_es6.vflset/es_MX/base.js:5434
[    6623ms] [INFO] Loading the script 'https://maps.googleapis.com/maps-api-v3/api/js/66/7/intl/es_ALL/common.js' violates the following Content Security Policy directive: "script-src-elem 'self' 'unsafe-inline' https://api.reciteme.com". The policy is report-only, so the violation has been logged but no further action has been taken. @ https://maps.googleapis.com/maps/api/js?key=AIzaSyBcxJ4JU_Ie4ePFv3yMAcBWSeRgS2xgpg0:190
[    6623ms] [INFO] Loading the script 'https://maps.googleapis.com/maps-api-v3/api/js/66/7/intl/es_ALL/util.js' violates the following Content Security Policy directive: "script-src-elem 'self' 'unsafe-inline' https://api.reciteme.com". The policy is report-only, so the violation has been logged but no further action has been taken. @ https://maps.googleapis.com/maps/api/js?key=AIzaSyBcxJ4JU_Ie4ePFv3yMAcBWSeRgS2xgpg0:190
[    6729ms] Uncaught (in promise) Error: Loader.provide not called by module 'util'
    at <anonymous> (https://maps.googleapis.com/maps/api/js?key=AIzaSyBcxJ4JU_Ie4ePFv3yMAcBWSeRgS2xgpg0:192:71)
    at Vk (https://maps.googleapis.com/maps/api/js?key=AIzaSyBcxJ4JU_Ie4ePFv3yMAcBWSeRgS2xgpg0:193:481)
    at dda (https://maps.googleapis.com/maps/api/js?key=AIzaSyBcxJ4JU_Ie4ePFv3yMAcBWSeRgS2xgpg0:192:18)
    at <anonymous> (https://maps.googleapis.com/maps/api/js?key=AIzaSyBcxJ4JU_Ie4ePFv3yMAcBWSeRgS2xgpg0:193:326)
[    7423ms] [WARNING] The powerPreference option is currently ignored when calling requestAdapter() on Windows. See https://crbug.com/369219127 @ :0
[    7462ms] [WARNING] The powerPreference option is currently ignored when calling requestAdapter() on Windows. See https://crbug.com/369219127 @ :0
[   12460ms] [WARNING] The powerPreference option is currently ignored when calling requestAdapter() on Windows. See https://crbug.com/369219127 @ :0
[   12524ms] [WARNING] The powerPreference option is currently ignored when calling requestAdapter() on Windows. See https://crbug.com/369219127 @ :0
[   12569ms] [WARNING] The powerPreference option is currently ignored when calling requestAdapter() on Windows. See https://crbug.com/369219127 @ :0
[   12602ms] [WARNING] The powerPreference option is currently ignored when calling requestAdapter() on Windows. See https://crbug.com/369219127 @ :0
[21609750ms] [WARNING] The powerPreference option is currently ignored when calling requestAdapter() on Windows. See https://crbug.com/369219127 @ :0
[21614797ms] [WARNING] The powerPreference option is currently ignored when calling requestAdapter() on Windows. See https://crbug.com/369219127 @ :0
[21614799ms] [WARNING] The powerPreference option is currently ignored when calling requestAdapter() on Windows. See https://crbug.com/369219127 @ :0
[21614826ms] [WARNING] The powerPreference option is currently ignored when calling requestAdapter() on Windows. See https://crbug.com/369219127 @ :0
[21614857ms] [WARNING] The powerPreference option is currently ignored when calling requestAdapter() on Windows. See https://crbug.com/369219127 @ :0
[21614872ms] [WARNING] The powerPreference option is currently ignored when calling requestAdapter() on Windows. See https://crbug.com/369219127 @ :0
[43210435ms] [WARNING] The powerPreference option is currently ignored when calling requestAdapter() on Windows. See https://crbug.com/369219127 @ :0
[43212369ms] [WARNING] The powerPreference option is currently ignored when calling requestAdapter() on Windows. See https://crbug.com/369219127 @ :0
[43212379ms] [WARNING] The powerPreference option is currently ignored when calling requestAdapter() on Windows. See https://crbug.com/369219127 @ :0
[43212382ms] [WARNING] The powerPreference option is currently ignored when calling requestAdapter() on Windows. See https://crbug.com/369219127 @ :0
[43217375ms] [WARNING] The powerPreference option is currently ignored when calling requestAdapter() on Windows. See https://crbug.com/369219127 @ :0
[43217420ms] [WARNING] The powerPreference option is currently ignored when calling requestAdapter() on Windows. See https://crbug.com/369219127 @ :0
[64815880ms] [WARNING] The powerPreference option is currently ignored when calling requestAdapter() on Windows. See https://crbug.com/369219127 @ :0
[64815919ms] [WARNING] The powerPreference option is currently ignored when calling requestAdapter() on Windows. See https://crbug.com/369219127 @ :0
[64815921ms] [WARNING] The powerPreference option is currently ignored when calling requestAdapter() on Windows. See https://crbug.com/369219127 @ :0
[64815925ms] [WARNING] The powerPreference option is currently ignored when calling requestAdapter() on Windows. See https://crbug.com/369219127 @ :0
[64815953ms] [WARNING] The powerPreference option is currently ignored when calling requestAdapter() on Windows. See https://crbug.com/369219127 @ :0
[64815991ms] [WARNING] The powerPreference option is currently ignored when calling requestAdapter() on Windows. See https://crbug.com/369219127 @ :0
